    Finished `bench` profile [optimized] target(s) in 0.01s
     Running benches/pass7_input_resize.rs (target/release/deps/pass7_input_resize-ec47bbca6995763c)
pass7_input_resize architecture=production_client_UDS_Runtime_PTY performance_claim=false percentile_method=nearest_rank repetitions=120 pass6_baseline_reference=docs/engineering/M001-PASS6-METAL-RENDERER.md
pass7_host macos_version=26.5.2 macos_build=25F84 model="Mac17,9" hardware="Apple M5 Pro" arch=aarch64 rust="rustc 1.98.0 (88d9e12ae 2026-08-18)" build_mode=release commit=21e8e6976c3445ca582bcfe6dd157109cfccdfd1 repetitions=120 percentile_method=nearest_rank cpu_rss_sources=ps_and_usr_bin_time performance_claim=false
pass7_latency boundary=controlled_native_callback_to_client_admission classification=MEASURED sample_count=120 p50_us=0.125 p95_us=0.834 p99_us=4.042 max_us=12.291 performance_claim=false
pass7_latency boundary=client_admission_to_socket_complete classification=MEASURED sample_count=120 p50_us=1.250 p95_us=4.375 p99_us=4.833 max_us=5.125 performance_claim=false
pass7_latency boundary=runtime_frame_admission_to_pty_write classification=MEASURED sample_count=120 p50_us=2.333 p95_us=8.375 p99_us=13.666 max_us=17.583 performance_claim=false
pass7_latency boundary=controlled_native_callback_to_pty_write classification=MEASURED sample_count=120 p50_us=7.500 p95_us=28.833 p99_us=55.584 max_us=73.833 performance_claim=false
pass7_input_resources classification=MEASURED measurement_phase=post_input_workload client_queue_high_water_bytes=45 runtime_queue_high_water_bytes=1 rss_baseline_kib=1760 rss_populated_kib=3136 rss_measured_kib=3424 incremental_post_workload_rss_kib=1664 cpu_percent_sample=2.2 threads_baseline=1 threads_populated=2 threads_measured=2 fds_baseline=6 fds_populated=12 fds_measured=12 native_boundary_classification=CONTROLLED_FFI_EQUIVALENT_APPKIT_EVENT_NOT_CLAIMED performance_claim=false
real 0.03
user 0.00
sys 0.01
             3555328  maximum resident set size
                   0  average shared memory size
                   0  average unshared data size
                   0  average unshared stack size
                1679  page reclaims
                  26  page faults
                   0  swaps
                   0  block input operations
                   0  block output operations
                 282  messages sent
                 283  messages received
                   0  signals received
                   5  voluntary context switches
                 553  involuntary context switches
            68617474  instructions retired
            42736934  cycles elapsed
             2457912  peak memory footprint
pass7_latency boundary=resize_120x40 classification=MEASURED sample_count=120 p50_us=8.875 p95_us=11.833 p99_us=58.458 max_us=62.000 performance_claim=false
pass7_resize_resources case=resize_120x40 geometry=120x40 classification=MEASURED measurement_phase=post_resize_workload client_queue_high_water_bytes=56 runtime_queue_high_water_bytes=0 rss_baseline_kib=1760 rss_populated_kib=3696 rss_measured_kib=4656 incremental_post_resize_rss_kib=2896 cpu_percent_sample=0 performance_claim=false
real 0.04
user 0.03
sys 0.02
             4800512  maximum resident set size
                   0  average shared memory size
                   0  average unshared data size
                   0  average unshared stack size
                1784  page reclaims
                   7  page faults
                   0  swaps
                   0  block input operations
                   0  block output operations
                3082  messages sent
                3031  messages received
                   0  signals received
                   4  voluntary context switches
                2147  involuntary context switches
           801870218  instructions retired
           217431117  cycles elapsed
             3703096  peak memory footprint
pass7_latency boundary=resize_512x256 classification=MEASURED sample_count=120 p50_us=94.083 p95_us=111.750 p99_us=233.917 max_us=243.166 performance_claim=false
pass7_resize_resources case=resize_512x256 geometry=512x256 classification=MEASURED measurement_phase=post_resize_workload client_queue_high_water_bytes=56 runtime_queue_high_water_bytes=0 rss_baseline_kib=1760 rss_populated_kib=13632 rss_measured_kib=23152 incremental_post_resize_rss_kib=21392 cpu_percent_sample=143.6 performance_claim=false
real 0.66
user 0.77
sys 0.29
            23740416  maximum resident set size
                   0  average shared memory size
                   0  average unshared data size
                   0  average unshared stack size
                2937  page reclaims
                   7  page faults
                   0  swaps
                   0  block input operations
                   0  block output operations
               67082  messages sent
               67045  messages received
                   0  signals received
                   6  voluntary context switches
               23180  involuntary context switches
         18744468401  instructions retired
          4458231816  cycles elapsed
            22675816  peak memory footprint
pass7_idle_resource classification=MEASURED idle_window_ms=500 rss_baseline_kib=1760 rss_populated_kib=3136 rss_idle_kib=3152 incremental_idle_rss_kib=1392 cpu_percent_sample=0.1 threads_baseline=1 threads_idle=2 fds_baseline=6 fds_idle=12 client_wants_write=false performance_claim=false
real 0.52
user 0.00
sys 0.01
             3276800  maximum resident set size
                   0  average shared memory size
                   0  average unshared data size
                   0  average unshared stack size
                1692  page reclaims
                   7  page faults
                   0  swaps
                   0  block input operations
                   0  block output operations
                  10  messages sent
                  12  messages received
                   0  signals received
                   7  voluntary context switches
                 116  involuntary context switches
            35884447  instructions retired
            18531535  cycles elapsed
             2179384  peak memory footprint
pass8_attribution_cohort boundary=resize_120x40 classification=MEASURED cohort=1 samples_per_mode=512 pass8_disabled_p99_us=37.917 pass8_enabled_p99_us=46.458 delta_percent=22.53 performance_claim=false
pass8_attribution_cohort boundary=resize_120x40 classification=MEASURED cohort=2 samples_per_mode=512 pass8_disabled_p99_us=20.208 pass8_enabled_p99_us=47.000 delta_percent=132.58 performance_claim=false
pass8_attribution_cohort boundary=resize_120x40 classification=MEASURED cohort=3 samples_per_mode=512 pass8_disabled_p99_us=27.417 pass8_enabled_p99_us=39.625 delta_percent=44.53 performance_claim=false
pass8_attribution_cohort boundary=resize_120x40 classification=MEASURED cohort=4 samples_per_mode=512 pass8_disabled_p99_us=32.709 pass8_enabled_p99_us=21.750 delta_percent=-33.50 performance_claim=false
pass8_attribution_cohort boundary=resize_120x40 classification=MEASURED cohort=5 samples_per_mode=512 pass8_disabled_p99_us=40.583 pass8_enabled_p99_us=32.250 delta_percent=-20.53 performance_claim=false
pass8_attribution_cohort boundary=resize_120x40 classification=MEASURED cohort=6 samples_per_mode=512 pass8_disabled_p99_us=41.209 pass8_enabled_p99_us=17.583 delta_percent=-57.33 performance_claim=false
pass8_attribution_cohort boundary=resize_120x40 classification=MEASURED cohort=7 samples_per_mode=512 pass8_disabled_p99_us=34.750 pass8_enabled_p99_us=36.458 delta_percent=4.92 performance_claim=false
pass8_attribution boundary=resize_120x40 classification=MEASURED method=paired_live_runtimes_interleaved_7x512 pass8_disabled_p99_median_us=34.750 pass8_enabled_p99_median_us=36.458 paired_delta_median_percent=4.92 blocking_threshold_percent=10.00 performance_claim=false
real 1.73
user 1.94
sys 0.87
             5455872  maximum resident set size
                   0  average shared memory size
                   0  average unshared data size
                   0  average unshared stack size
                1116  page reclaims
                   2  page faults
                   0  swaps
                   0  block input operations
                   0  block output operations
              173575  messages sent
              170002  messages received
                   0  signals received
                   7  voluntary context switches
              103286  involuntary context switches
         43415484571  instructions retired
         11415543669  cycles elapsed
             4358456  peak memory footprint
